// Jest Snapshot v1, https://goo.gl/fbAQLP

exports[`Header should render correctly 1`] = `
<styled.header>
  <styled.h1>
    Markdown Previewer
  </styled.h1>
</styled.header>
`;
